#-----------------------------------------------------------
# Vivado v2018.3 (64-bit)
# SW Build 2405991 on Thu Dec  6 23:38:27 MST 2018
# IP Build 2404404 on Fri Dec  7 01:43:56 MST 2018
# Start of session at: Sun Apr 10 12:11:57 2022
# Process ID: 21496
# Current directory: D:/C/Arch/lab5
# Command line: vivado.exe -gui_launcher_event rodinguilauncherevent6728 D:\C\Arch\lab5\lab5.xpr
# Log file: D:/C/Arch/lab5/vivado.log
# Journal file: D:/C/Arch/lab5\vivado.jou
#-----------------------------------------------------------
start_gui
open_project D:/C/Arch/lab5/lab5.xpr
update_compile_order -fileset sources_1
launch_simulation
source single_cycle_sim_tb.tcl
current_wave_config {Untitled 1}
add_wave {{/single_cycle_sim_tb/processor/register_file}} 
close_sim
launch_simulation
source single_cycle_sim_tb.tcl
current_wave_config {Untitled 2}
add_wave {{/single_cycle_sim_tb/processor}} 
close_sim
launch_simulation
source single_cycle_sim_tb.tcl
current_wave_config {Untitled 3}
add_wave {{/single_cycle_sim_tb/processor/register_file}} 
add_wave {{/single_cycle_sim_tb/processor/register_file}} 
close_sim
launch_simulation
source single_cycle_sim_tb.tcl
current_wave_config {Untitled 5}
add_wave {{/single_cycle_sim_tb/processor/register_file/readReg1}} 
save_wave_config {D:/C/Arch/lab5/single_cycle_sim_tb_behav.wcfg}
add_files -fileset sim_1 -norecurse D:/C/Arch/lab5/single_cycle_sim_tb_behav.wcfg
set_property xsim.view D:/C/Arch/lab5/single_cycle_sim_tb_behav.wcfg [get_filesets sim_1]
close_sim
launch_simulation
source single_cycle_sim_tb.tcl
current_wave_config {Untitled 6}
add_wave {{/single_cycle_sim_tb/processor/register_file}} 
close_sim
launch_simulation
source single_cycle_sim_tb.tcl
current_wave_config {Untitled 7}
add_wave {{/single_cycle_sim_tb/processor/register_file}} 
save_wave_config {D:/C/Arch/lab5/single_cycle_sim_tb_behav.wcfg}
add_files -fileset sim_1 -norecurse D:/C/Arch/lab5/single_cycle_sim_tb_behav.wcfg
set_property xsim.view {D:/C/Arch/lab5/single_cycle_sim_tb_behav.wcfg D:/C/Arch/lab5/single_cycle_sim_tb_behav.wcfg} [get_filesets sim_1]
run all
run all
close_sim
